Program(
    Vector(
        GlobalDecl(Vector(GlobalEntry(IdnDef("start"), Some(IntExp(1))))),
        LetDecl(
            Vector(
                LetVarClause(
                    Vector(IdnDef("x"), IdnDef("y"), IdnDef("i"), IdnDef("j")),
                    Vector(UndefExp(), UndefExp(), IntExp(3), IntExp(5))),
                LetVecClause(IdnDef("v"), IntExp(49)),
                LetFnClause(
                    IdnDef("start"),
                    Vector(),
                    ValofExp(
                        Block(
                            Vector(
                                LetDecl(
                                    Vector(
                                        LetVarClause(
                                            Vector(IdnDef("a")),
                                            Vector(UnaryPlingExp(AddrOfExp(IdnExp(IdnUse("x")))))),
                                        LetVarClause(
                                            Vector(IdnDef("b")),
                                            Vector(
                                                UnaryPlingExp(
                                                    BinaryPlingExp(
                                                        BinaryPlingExp(
                                                            IdnExp(IdnUse("v")),
                                                            IdnExp(IdnUse("i"))),
                                                        IdnExp(IdnUse("j")))))),
                                        LetVarClause(
                                            Vector(IdnDef("c")),
                                            Vector(
                                                AddrOfExp(
                                                    BinaryPlingExp(
                                                        BinaryPlingExp(
                                                            IdnExp(IdnUse("v")),
                                                            IdnExp(IdnUse("i"))),
                                                        IdnExp(IdnUse("j")))))),
                                        LetVarClause(
                                            Vector(IdnDef("d")),
                                            Vector(
                                                ShiftRightExp(
                                                    ShiftLeftExp(
                                                        IdnExp(IdnUse("x")),
                                                        PlusExp(IntExp(1), IdnExp(IdnUse("y")))),
                                                    IntExp(1)))),
                                        LetVarClause(
                                            Vector(IdnDef("e")),
                                            Vector(
                                                NotExp(
                                                    BinaryPlingExp(
                                                        IdnExp(IdnUse("x")),
                                                        IdnExp(IdnUse("y")))))),
                                        LetVarClause(
                                            Vector(IdnDef("f")),
                                            Vector(
                                                NotExp(
                                                    EqualExp(
                                                        IdnExp(IdnUse("x")),
                                                        IdnExp(IdnUse("y")))))),
                                        LetVarClause(
                                            Vector(IdnDef("g")),
                                            Vector(
                                                NotExp(
                                                    EqualExp(
                                                        IdnExp(IdnUse("x")),
                                                        IdnExp(IdnUse("y")))))),
                                        LetVarClause(
                                            Vector(IdnDef("h")),
                                            Vector(
                                                PlusExp(
                                                    MinusExp(
                                                        PlusExp(
                                                            NegExp(
                                                                SlashExp(
                                                                    StarExp(
                                                                        IntExp(10),
                                                                        IdnExp(IdnUse("a"))),
                                                                    IdnExp(IdnUse("b")))),
                                                            IdnExp(IdnUse("c"))),
                                                        NegExp(IntExp(10))),
                                                    StarExp(IdnExp(IdnUse("d")), IdnExp(IdnUse("e")))))),
                                        LetVarClause(
                                            Vector(IdnDef("k")),
                                            Vector(
                                                EqvExp(
                                                    XorExp(
                                                        FalseExp(),
                                                        OrExp(
                                                            OrExp(
                                                                AndExp(
                                                                    IdnExp(IdnUse("f")),
                                                                    IdnExp(IdnUse("g"))),
                                                                AndExp(
                                                                    IdnExp(IdnUse("a")),
                                                                    IdnExp(IdnUse("h")))),
                                                            IdnExp(IdnUse("c")))),
                                                    PlusExp(IdnExp(IdnUse("i")), IdnExp(IdnUse("j")))))),
                                        LetVarClause(
                                            Vector(IdnDef("l")),
                                            Vector(
                                                MinusExp(
                                                    PlusExp(
                                                        BinaryPlingExp(
                                                            IdnExp(IdnUse("v")),
                                                            IdnExp(IdnUse("i"))),
                                                        BinaryPlingExp(
                                                            IdnExp(IdnUse("v")),
                                                            IdnExp(IdnUse("j")))),
                                                    StarExp(IdnExp(IdnUse("a")), IdnExp(IdnUse("b"))))))))),
                            Vector(
                                ResultIsStmt(
                                    IfExp(
                                        IdnExp(IdnUse("a")),
                                        IdnExp(IdnUse("b")),
                                        IfExp(
                                            IdnExp(IdnUse("c")),
                                            IdnExp(IdnUse("d")),
                                            IdnExp(IdnUse("e")))))))))))))
