Program(
    Vector(
        GlobalDecl(
            Vector(
                GlobalEntry(IdnDef("start"), Some(IntExp(1))),
                GlobalEntry(IdnDef("writef"), Some(IntExp(94))))),
        LetDecl(
            Vector(
                LetFnClause(
                    IdnDef("Fibonacci"),
                    Vector(IdnDef("n")),
                    ValofExp(
                        Block(
                            Vector(
                                LetDecl(
                                    Vector(
                                        LetVarClause(
                                            Vector(IdnDef("res1"), IdnDef("res2"), IdnDef("temp")),
                                            Vector(IntExp(0), IntExp(1), UndefExp()))))),
                            Vector(
                                WhileDoStmt(
                                    LessExp(IntExp(0), IdnExp(IdnUse("n"))),
                                    Block(
                                        Vector(),
                                        Vector(
                                            AssignStmt(
                                                Vector(IdnExp(IdnUse("temp"))),
                                                Vector(IdnExp(IdnUse("res1")))),
                                            AssignStmt(
                                                Vector(IdnExp(IdnUse("res1"))),
                                                Vector(IdnExp(IdnUse("res2")))),
                                            AssignStmt(
                                                Vector(IdnExp(IdnUse("res2"))),
                                                Vector(
                                                    PlusExp(
                                                        IdnExp(IdnUse("temp")),
                                                        IdnExp(IdnUse("res1"))))),
                                            AssignStmt(
                                                Vector(IdnExp(IdnUse("n"))),
                                                Vector(MinusExp(IdnExp(IdnUse("n")), IntExp(1))))))),
                                ResultIsStmt(IdnExp(IdnUse("res1"))))))))),
        LetDecl(
            Vector(
                LetProcClause(
                    IdnDef("start"),
                    Vector(),
                    Block(
                        Vector(),
                        Vector(
                            CallStmt(
                                CallExp(
                                    IdnExp(IdnUse("writef")),
                                    Vector(
                                        StringExp(
                                            Vector(
                                                84,
                                                104,
                                                101,
                                                32,
                                                49,
                                                48,
                                                116,
                                                104,
                                                32,
                                                70,
                                                105,
                                                98,
                                                111,
                                                110,
                                                97,
                                                99,
                                                99,
                                                105,
                                                32,
                                                110,
                                                117,
                                                109,
                                                98,
                                                101,
                                                114,
                                                32,
                                                105,
                                                115,
                                                32,
                                                37,
                                                110,
                                                10)),
                                        CallExp(
                                            IdnExp(IdnUse("fibonacci")),
                                            Vector(IdnExp(IdnUse("n"))))))))))))))
